// Jest Snapshot v1, https://goo.gl/fbAQLP

exports[`MetadataDefinitionDetails Renders null schema 1`] = `
Array [
  <header
    className="fd-has-background-color-background-2"
  >
    <section
      className="fd-has-padding-regular fd-has-padding-bottom-none action-bar-wrapper"
    >
      <section>
        <ul
          className="fd-breadcrumb"
        >
          <li
            className="fd-breadcrumb__item"
            onClick={[Function]}
          >
            <a
              className="fd-breadcrumb__link"
              href="#"
            >
              Metadata Definitions
            </a>
          </li>
          <li
            className="fd-breadcrumb__item"
          />
        </ul>
        <div
          className="fd-action-bar__header"
        >
          <h3
            className="fd-action-bar__title"
          >
            testkey
          </h3>
        </div>
      </section>
      <div
        className="fd-action-bar__actions"
      >
        <button
          className="fd-button--emphasized"
          disabled={false}
          onClick={[Function]}
        >
          Save
        </button>
      </div>
    </section>
  </header>,
  <section
    className="fd-section"
  >
    <div
      className="fd-panel"
    >
      <div
        className="fd-panel__header"
      >
        <div
          className="fd-panel__head"
        >
          <h1
            className="fd-panel__title"
          >
            Schema
          </h1>
        </div>
        <div
          className="fd-panel__actions"
        >
          <div
            className="fd-form__item fd-form__item--check"
          >
            <label
              className="fd-form__label"
            >
              <span
                className="fd-toggle fd-form__control"
              >
                <input
                  checked={false}
                  onChange={[Function]}
                  type="checkbox"
                />
                <span
                  className="fd-toggle__switch"
                  role="presentation"
                />
              </span>
            </label>
          </div>
        </div>
      </div>
    </div>
  </section>,
]
`;

exports[`MetadataDefinitionDetails Renders null schema 2`] = `
[MockFunction] {
  "calls": Array [
    Array [
      "Warning: Each child in a list should have a unique \\"key\\" prop. See https://fb.me/react-warning-keys for more information.%s",
      "
    in span
    in label (created by Toggle)
    in div (created by Toggle)
    in Toggle (at MetadataDefinitionDetails.component.js:166)
    in div
    in Panel.Actions (at MetadataDefinitionDetails.component.js:162)
    in div
    in Panel.Header (at MetadataDefinitionDetails.component.js:160)
    in div
    in Panel (at MetadataDefinitionDetails.component.js:159)
    in section (at MetadataDefinitionDetails.component.js:158)
    in MetadataDefinitionDetails (created by Mutation)
    in Mutation (created by Apollo(MetadataDefinitionDetails))
    in Apollo(MetadataDefinitionDetails) (created by Mutation)
    in Mutation (created by Apollo(Apollo(MetadataDefinitionDetails)))
    in Apollo(Apollo(MetadataDefinitionDetails)) (created by Query)
    in Query (created by Apollo(Apollo(Apollo(MetadataDefinitionDetails))))
    in Apollo(Apollo(Apollo(MetadataDefinitionDetails))) (at MetadataDefinitionDetails.test.js:19)
    in ApolloProvider (created by MockedProvider)
    in MockedProvider (at MetadataDefinitionDetails.test.js:18)",
    ],
  ],
  "results": Array [
    Object {
      "type": "return",
      "value": undefined,
    },
  ],
}
`;
