// Jest Snapshot v1, https://goo.gl/fbAQLP

exports[`DropdownRenderer Shows / hides nested list when parent its parent is clicked 1`] = `
<nav
  className="fd-mega-menu"
>
  <div
    className="fd-mega-menu__group"
  >
    <h3
      className="fd-mega-menu__title"
    >
      Recently Selected Labels
    </h3>
    <span
      className="fd-mega-menu__item--disabled"
      data-test-id="no-recent-labels"
    >
      No recent labels
    </span>
  </div>
  <div
    className="fd-mega-menu__group"
  >
    <h3
      className="fd-mega-menu__title"
    >
      Log Labels
    </h3>
    <ul
      className="fd-mega-menu__list"
    >
      <li
        className="fd-mega-menu__item"
        key="name"
      >
        <span
          aria-controls="name"
          aria-haspopup="true"
          className="fd-mega-menu__link has-child cursor-pointer"
          onClick={[Function]}
        >
          name
        </span>
        <ul
          aria-hidden={false}
          className="fd-mega-menu__sublist"
          id="name"
        >
          <li
            className="fd-mega-menu__subitem"
            key="c,d"
          >
            <span
              className="fd-mega-menu__sublink cursor-pointer"
              onClick={[Function]}
            >
              c
              d
            </span>
          </li>
        </ul>
      </li>
      <li
        className="fd-mega-menu__item"
        key="name 2"
      >
        <span
          aria-controls="name 2"
          aria-haspopup="true"
          className="fd-mega-menu__link has-child cursor-pointer"
          onClick={[Function]}
        >
          name 2
        </span>
        <ul
          aria-hidden={true}
          className="fd-mega-menu__sublist"
          id="name 2"
        >
          <li
            className="fd-mega-menu__subitem"
            key="e,f"
          >
            <span
              className="fd-mega-menu__sublink cursor-pointer"
              onClick={[Function]}
            >
              e
              f
            </span>
          </li>
        </ul>
      </li>
    </ul>
  </div>
</nav>
`;

exports[`DropdownRenderer Shows / hides nested list when parent its parent is clicked 2`] = `
<nav
  className="fd-mega-menu"
>
  <div
    className="fd-mega-menu__group"
  >
    <h3
      className="fd-mega-menu__title"
    >
      Recently Selected Labels
    </h3>
    <span
      className="fd-mega-menu__item--disabled"
      data-test-id="no-recent-labels"
    >
      No recent labels
    </span>
  </div>
  <div
    className="fd-mega-menu__group"
  >
    <h3
      className="fd-mega-menu__title"
    >
      Log Labels
    </h3>
    <ul
      className="fd-mega-menu__list"
    >
      <li
        className="fd-mega-menu__item"
        key="name"
      >
        <span
          aria-controls="name"
          aria-haspopup="true"
          className="fd-mega-menu__link has-child cursor-pointer"
          onClick={[Function]}
        >
          name
        </span>
        <ul
          aria-hidden={false}
          className="fd-mega-menu__sublist"
          id="name"
        >
          <li
            className="fd-mega-menu__subitem"
            key="c,d"
          >
            <span
              className="fd-mega-menu__sublink cursor-pointer"
              onClick={[Function]}
            >
              c
              d
            </span>
          </li>
        </ul>
      </li>
      <li
        className="fd-mega-menu__item"
        key="name 2"
      >
        <span
          aria-controls="name 2"
          aria-haspopup="true"
          className="fd-mega-menu__link has-child cursor-pointer"
          onClick={[Function]}
        >
          name 2
        </span>
        <ul
          aria-hidden={true}
          className="fd-mega-menu__sublist"
          id="name 2"
        >
          <li
            className="fd-mega-menu__subitem"
            key="e,f"
          >
            <span
              className="fd-mega-menu__sublink cursor-pointer"
              onClick={[Function]}
            >
              e
              f
            </span>
          </li>
        </ul>
      </li>
    </ul>
  </div>
</nav>
`;
