// Jest Snapshot v1, https://goo.gl/fbAQLP

exports[`CreateApiRule Renders basic component 1`] = `
Array [
  Array [
    "Warning: Each child in a list should have a unique \\"key\\" prop.%s%s See https://fb.me/react-warning-keys for more information.%s",
    "

Check the render method of \`CreateApiRule\`.",
    "",
    "
    in AccessStrategy (at CreateApiRule.js:198)
    in CreateApiRule (at CreateApiRule.test.js:28)
    in ApolloProvider (created by MockedProvider)
    in MockedProvider (at CreateApiRule.test.js:27)",
  ],
  Array [
    "Warning: Each child in a list should have a unique \\"key\\" prop.%s%s See https://fb.me/react-warning-keys for more information.%s",
    "

Check the render method of \`AccessStrategy\`.",
    "",
    "
    in Badge (at AccessStrategy.js:108)
    in AccessStrategy (at CreateApiRule.js:198)
    in div (created by Panel.Body)
    in Panel.Body (at CreateApiRule.js:195)
    in div (created by Panel)
    in Panel (created by Panel)
    in Panel (created by Panel)
    in Panel (at CreateApiRule.js:188)
    in div (created by LayoutGrid)
    in LayoutGrid (created by LayoutGrid)
    in LayoutGrid (created by LayoutGrid)
    in LayoutGrid (at CreateApiRule.js:144)
    in section (at CreateApiRule.js:143)
    in CreateApiRule (at CreateApiRule.test.js:28)
    in ApolloProvider (created by MockedProvider)
    in MockedProvider (at CreateApiRule.test.js:27)",
  ],
]
`;

exports[`CreateApiRule Renders services in dropdown 1`] = `Array []`;

exports[`CreateApiRule Renders servicesQuery 1`] = `Array []`;
