// Jest Snapshot v1, https://goo.gl/fbAQLP

exports[`ServiceBindings Render with minimal props 1`] = `
<div
  className="fd-panel fd-has-margin-medium lambda-service-bindings"
>
  <div
    className="fd-panel__header"
  >
    <div
      className="fd-panel__head"
    >
      <h3
        className="fd-panel__title"
      >
        Service Bindings
      </h3>
    </div>
    <div
      className="fd-panel__actions"
    >
      <div>
        <div
          onClick={[Function]}
        >
          <button
            className="fd-button--light fd-button--compact sap-icon--add"
          >
            Create Service Binding
          </button>
        </div>
      </div>
    </div>
  </div>
  <div
    className="fd-panel__body"
  >
    <div
      className="fd-panel fd-has-margin-m generic-list"
    >
      <div
        className="fd-panel__header fd-has-padding-xs"
      >
        <div
          className="fd-panel__head"
        />
        <div
          className="fd-panel__actions"
        >
          <section
            className="generic-list__search"
          >
            <section
              className="generic-list-search"
              role="search"
            >
              <div
                className="fd-popover"
                style={
                  Object {
                    "display": "none",
                  }
                }
              >
                <div
                  className="fd-popover__control"
                >
                  <div
                    className="fd-combobox-control"
                  >
                    <input
                      aria-label="search-input"
                      className="fd-has-margin-right-tiny"
                      onBlur={[Function]}
                      onChange={[Function]}
                      onFocus={[Function]}
                      onKeyPress={[Function]}
                      type="text"
                      value=""
                    />
                  </div>
                </div>
              </div>
              <button
                aria-label="open-search"
                className="fd-button--light sap-icon--search"
                onClick={[Function]}
              />
            </section>
          </section>
        </div>
      </div>
      <div
        className="fd-panel__body"
      >
        <table
          className="fd-table"
        >
          <thead>
            <tr>
              <th>
                Instance
              </th>
              <th>
                Environment Variable Names
              </th>
              <th
                aria-label="actions-column"
              />
            </tr>
          </thead>
          <tbody>
            <tr>
              <td
                colSpan="100%"
              >
                <p
                  className="not-found-message"
                >
                  No entries found
                </p>
              </td>
            </tr>
          </tbody>
        </table>
      </div>
    </div>
  </div>
</div>
`;
