// Jest Snapshot v1, https://goo.gl/fbAQLP

exports[`ApiDetails Renders with minimal props 1`] = `
<div>
  <span
    className="link-button fd-has-margin-right-small"
  >
    <span
      className="sap-icon--sort sap-icon--s fd-has-margin-right-tiny "
    />
    last hour
  </span>
  <span
    className="link-button"
    onClick={[Function]}
  >
    <span
      className="sap-icon--past sap-icon--s"
    />
     
    ascending
  </span>
</div>
`;
