// Jest Snapshot v1, https://goo.gl/fbAQLP

exports[`ServiceInstanceInfo Render info with status FAILED 1`] = `ReactWrapper {}`;

exports[`ServiceInstanceInfo Render info with status PROVISIONING 1`] = `ReactWrapper {}`;

exports[`ServiceInstanceInfo Render info with status RUNNING 1`] = `ReactWrapper {}`;
