// Jest Snapshot v1, https://goo.gl/fbAQLP

exports[`CompactHeader Renders with minimal props 1`] = `
<div
  className="fd-panel fd-has-padding-regular fd-has-padding-bottom-tiny"
>
  <section
    className="compact-header"
  >
    <h1
      className="fd-has-type-3"
    >
      Logs
    </h1>
    <div
      className="fd-has-display-flex"
    >
      <section
        className="fd-has-margin-right-small"
      >
        <span
          className="caption-muted search-input__caption"
        />
        <div
          className="fd-search-input search-input--compact"
          value="search phrase"
        >
          <div
            className="fd-popover"
          >
            <div
              className="fd-popover__control"
            >
              <div
                aria-expanded={false}
                aria-haspopup="true"
                className="fd-combobox-control"
              >
                <div
                  className="fd-input-group fd-input-group--after"
                >
                  <input
                    className="fd-input"
                    onChange={[Function]}
                    onClick={[Function]}
                    onKeyPress={[Function]}
                    placeholder="Search"
                    style={Object {}}
                    type="text"
                    value=""
                  />
                  <span
                    className="fd-input-group__addon fd-input-group__addon--after fd-input-group__addon--button"
                  >
                    <button
                      className="fd-button--light sap-icon--search"
                      onClick={[Function]}
                    />
                  </span>
                </div>
              </div>
            </div>
          </div>
        </div>
      </section>
      <span
        className="link-button fd-has-type-minus-1"
      >
        <div
          className="fd-popover"
        >
          <div
            onFocus={[Function]}
            onMouseDown={[Function]}
            onTouchStart={[Function]}
          >
            <div
              className="fd-popover__control"
            >
              <button
                className="fd-button--light sap-icon--action-settings fd-has-margin-right-tiny"
                onClick={[Function]}
                size="xs"
              />
            </div>
          </div>
        </div>
      </span>
      <span
        className="link-button fd-has-type-minus-1 select-dropdown"
      >
        <div
          className="fd-popover"
        >
          <div
            onFocus={[Function]}
            onMouseDown={[Function]}
            onTouchStart={[Function]}
          >
            <div
              className="fd-popover__control"
            >
              <button
                className="fd-button--light sap-icon--past fd-has-margin-right-tiny"
                onClick={[Function]}
                size="xs"
              />
            </div>
          </div>
        </div>
      </span>
      <span
        className="link-button fd-has-type-minus-1 select-dropdown"
      >
        <div
          className="fd-popover"
        >
          <div
            onFocus={[Function]}
            onMouseDown={[Function]}
            onTouchStart={[Function]}
          >
            <div
              className="fd-popover__control"
            >
              <button
                className="fd-button--light sap-icon--sort fd-has-margin-right-tiny"
                onClick={[Function]}
                size="xs"
              />
            </div>
          </div>
        </div>
      </span>
    </div>
  </section>
</div>
`;
