// Jest Snapshot v1, https://goo.gl/fbAQLP

exports[`LambdaDetails Renders with an error in no lambdaId is provided 1`] = `
"Error! Network error: No more mocked responses for the query: query Function($name: String!, $namespace: String!) {
  function(name: $name, namespace: $namespace) {
    name
    namespace
    labels
    runtime
    size
    status
    content
    dependencies
    __typename
  }
}
, variables: {\\"namespace\\":\\"testnamespace\\"}"
`;

exports[`LambdaDetails Renders with an error in no lambdaId is provided 2`] = `
"Warning: Failed prop type: The prop \`lambdaId\` is marked as required in \`LambdaDetails\`, but its value is \`undefined\`.
    in LambdaDetails (at LambdaDetails.test.js:29)"
`;
