// Jest Snapshot v1, https://goo.gl/fbAQLP

exports[`NamespaceFilters Renders with minimal props 1`] = `
<div
  className="fd-popover"
>
  <div
    onFocus={[Function]}
    onMouseDown={[Function]}
    onTouchStart={[Function]}
  >
    <div
      className="fd-popover__control"
    >
      <button
        aria-controls="fd-jxB_s4IX"
        aria-expanded={false}
        aria-haspopup={true}
        className="fd-button--light sap-icon--filter"
        onClick={[Function]}
        onKeyPress={[Function]}
        role="button"
        tabIndex={0}
      />
    </div>
  </div>
</div>
`;
